Archive member included to satisfy reference by file (symbol)

d:/users/arhitect/documents/avr8-gnu-toolchain-3.6.2.1759-win32.any.x86/avr8-gnu-toolchain-win32_x86/bin/../lib/gcc/avr/5.4.0/../../../../avr/lib/avr51\libprintf_flt.a(vfprintf_flt.o)
                              (vfprintf)
d:/users/arhitect/documents/avr8-gnu-toolchain-3.6.2.1759-win32.any.x86/avr8-gnu-toolchain-win32_x86/bin/../lib/gcc/avr/5.4.0/avr51\libgcc.a(_udivmodqi4.o)
                              USART.o (__udivmodqi4)
d:/users/arhitect/documents/avr8-gnu-toolchain-3.6.2.1759-win32.any.x86/avr8-gnu-toolchain-win32_x86/bin/../lib/gcc/avr/5.4.0/avr51\libgcc.a(_udivmodhi4.o)
                              USART.o (__udivmodhi4)
d:/users/arhitect/documents/avr8-gnu-toolchain-3.6.2.1759-win32.any.x86/avr8-gnu-toolchain-win32_x86/bin/../lib/gcc/avr/5.4.0/avr51\libgcc.a(_udivmodsi4.o)
                              USART.o (__udivmodsi4)
d:/users/arhitect/documents/avr8-gnu-toolchain-3.6.2.1759-win32.any.x86/avr8-gnu-toolchain-win32_x86/bin/../lib/gcc/avr/5.4.0/avr51\libgcc.a(_exit.o)
                              d:/users/arhitect/documents/avr8-gnu-toolchain-3.6.2.1759-win32.any.x86/avr8-gnu-toolchain-win32_x86/bin/../lib/gcc/avr/5.4.0/../../../../avr/lib/avr51/crtatmega1284p.o (exit)
d:/users/arhitect/documents/avr8-gnu-toolchain-3.6.2.1759-win32.any.x86/avr8-gnu-toolchain-win32_x86/bin/../lib/gcc/avr/5.4.0/avr51\libgcc.a(_tablejump2.o)
                              main.o (__tablejump2__)
d:/users/arhitect/documents/avr8-gnu-toolchain-3.6.2.1759-win32.any.x86/avr8-gnu-toolchain-win32_x86/bin/../lib/gcc/avr/5.4.0/avr51\libgcc.a(_copy_data.o)
                              Garmin_LIDAR_Lite_v3HP.o (__do_copy_data)
d:/users/arhitect/documents/avr8-gnu-toolchain-3.6.2.1759-win32.any.x86/avr8-gnu-toolchain-win32_x86/bin/../lib/gcc/avr/5.4.0/avr51\libgcc.a(_clear_bss.o)
                              battery_pack.o (__do_clear_bss)
d:/users/arhitect/documents/avr8-gnu-toolchain-3.6.2.1759-win32.any.x86/avr8-gnu-toolchain-win32_x86/bin/../lib/gcc/avr/5.4.0/avr51\libgcc.a(_mulshisi3.o)
                              USART.o (__mulshisi3)
d:/users/arhitect/documents/avr8-gnu-toolchain-3.6.2.1759-win32.any.x86/avr8-gnu-toolchain-win32_x86/bin/../lib/gcc/avr/5.4.0/avr51\libgcc.a(_muluhisi3.o)
                              d:/users/arhitect/documents/avr8-gnu-toolchain-3.6.2.1759-win32.any.x86/avr8-gnu-toolchain-win32_x86/bin/../lib/gcc/avr/5.4.0/avr51\libgcc.a(_mulshisi3.o) (__muluhisi3)
d:/users/arhitect/documents/avr8-gnu-toolchain-3.6.2.1759-win32.any.x86/avr8-gnu-toolchain-win32_x86/bin/../lib/gcc/avr/5.4.0/avr51\libgcc.a(_umulhisi3.o)
                              d:/users/arhitect/documents/avr8-gnu-toolchain-3.6.2.1759-win32.any.x86/avr8-gnu-toolchain-win32_x86/bin/../lib/gcc/avr/5.4.0/avr51\libgcc.a(_muluhisi3.o) (__umulhisi3)
d:/users/arhitect/documents/avr8-gnu-toolchain-3.6.2.1759-win32.any.x86/avr8-gnu-toolchain-win32_x86/bin/../lib/gcc/avr/5.4.0/../../../../avr/lib/avr51\libm.a(addsf3.o)
                              main.o (__subsf3)
d:/users/arhitect/documents/avr8-gnu-toolchain-3.6.2.1759-win32.any.x86/avr8-gnu-toolchain-win32_x86/bin/../lib/gcc/avr/5.4.0/../../../../avr/lib/avr51\libm.a(addsf3x.o)
                              d:/users/arhitect/documents/avr8-gnu-toolchain-3.6.2.1759-win32.any.x86/avr8-gnu-toolchain-win32_x86/bin/../lib/gcc/avr/5.4.0/../../../../avr/lib/avr51\libm.a(addsf3.o) (__addsf3x)
d:/users/arhitect/documents/avr8-gnu-toolchain-3.6.2.1759-win32.any.x86/avr8-gnu-toolchain-win32_x86/bin/../lib/gcc/avr/5.4.0/../../../../avr/lib/avr51\libm.a(cmpsf2.o)
                              main.o (__ltsf2)
d:/users/arhitect/documents/avr8-gnu-toolchain-3.6.2.1759-win32.any.x86/avr8-gnu-toolchain-win32_x86/bin/../lib/gcc/avr/5.4.0/../../../../avr/lib/avr51\libm.a(divsf3.o)
                              main.o (__divsf3)
d:/users/arhitect/documents/avr8-gnu-toolchain-3.6.2.1759-win32.any.x86/avr8-gnu-toolchain-win32_x86/bin/../lib/gcc/avr/5.4.0/../../../../avr/lib/avr51\libm.a(divsf3x.o)
                              d:/users/arhitect/documents/avr8-gnu-toolchain-3.6.2.1759-win32.any.x86/avr8-gnu-toolchain-win32_x86/bin/../lib/gcc/avr/5.4.0/../../../../avr/lib/avr51\libm.a(divsf3.o) (__divsf3x)
d:/users/arhitect/documents/avr8-gnu-toolchain-3.6.2.1759-win32.any.x86/avr8-gnu-toolchain-win32_x86/bin/../lib/gcc/avr/5.4.0/../../../../avr/lib/avr51\libm.a(fixunssfsi.o)
                              main.o (__fixunssfsi)
d:/users/arhitect/documents/avr8-gnu-toolchain-3.6.2.1759-win32.any.x86/avr8-gnu-toolchain-win32_x86/bin/../lib/gcc/avr/5.4.0/../../../../avr/lib/avr51\libm.a(floatsisf.o)
                              main.o (__floatunsisf)
d:/users/arhitect/documents/avr8-gnu-toolchain-3.6.2.1759-win32.any.x86/avr8-gnu-toolchain-win32_x86/bin/../lib/gcc/avr/5.4.0/../../../../avr/lib/avr51\libm.a(floor.o)
                              main.o (floor)
[...]
Memory Configuration

Name             Origin             Length             Attributes
text             0x00000000         0x00020000         xr
data             0x00800100         0x0000ff00         rw !x
eeprom           0x00810000         0x00010000         rw !x
fuse             0x00820000         0x00000003         rw !x
lock             0x00830000         0x00000400         rw !x
signature        0x00840000         0x00000400         rw !x
user_signatures  0x00850000         0x00000400         rw !x
*default*        0x00000000         0xffffffff

Linker script and memory map

Address of section .data set to 0x800100
LOAD d:/users/arhitect/documents/avr8-gnu-toolchain-3.6.2.1759-win32.any.x86/avr8-gnu-toolchain-win32_x86/bin/../lib/gcc/avr/5.4.0/../../../../avr/lib/avr51/crtatmega1284p.o
LOAD d:/users/arhitect/documents/avr8-gnu-toolchain-3.6.2.1759-win32.any.x86/avr8-gnu-toolchain-win32_x86/bin/../lib/gcc/avr/5.4.0/../../../../avr/lib/avr51\libm.a
LOAD d:/users/arhitect/documents/avr8-gnu-toolchain-3.6.2.1759-win32.any.x86/avr8-gnu-toolchain-win32_x86/bin/../lib/gcc/avr/5.4.0/../../../../avr/lib/avr51\libprintf_flt.a
LOAD d:/users/arhitect/documents/avr8-gnu-toolchain-3.6.2.1759-win32.any.x86/avr8-gnu-toolchain-win32_x86/bin/../lib/gcc/avr/5.4.0/../../../../avr/lib/avr51\libprintf_min.a
LOAD battery_pack.o
LOAD FM25V10.o
LOAD fuse.o
LOAD Garmin_LIDAR_Lite_v3HP.o
LOAD i2c.o
LOAD lcd_display.o
LOAD main.o
LOAD oled_ssd1306.o
LOAD pca9685.o
LOAD PCA9685_PWM_Controller.o
LOAD PCF8575_i2c_Expander.o
LOAD reportUART_12bytes.o
LOAD sharp_IRED_PSD_sensor.o
LOAD stepper_motor.o
LOAD USART.o
LOAD vibration_sensor.o
START GROUP
LOAD d:/users/arhitect/documents/avr8-gnu-toolchain-3.6.2.1759-win32.any.x86/avr8-gnu-toolchain-win32_x86/bin/../lib/gcc/avr/5.4.0/avr51\libgcc.a
LOAD d:/users/arhitect/documents/avr8-gnu-toolchain-3.6.2.1759-win32.any.x86/avr8-gnu-toolchain-win32_x86/bin/../lib/gcc/avr/5.4.0/../../../../avr/lib/avr51\libm.a
LOAD d:/users/arhitect/documents/avr8-gnu-toolchain-3.6.2.1759-win32.any.x86/avr8-gnu-toolchain-win32_x86/bin/../lib/gcc/avr/5.4.0/../../../../avr/lib/avr51\libc.a
LOAD d:/users/arhitect/documents/avr8-gnu-toolchain-3.6.2.1759-win32.any.x86/avr8-gnu-toolchain-win32_x86/bin/../lib/gcc/avr/5.4.0/../../../../avr/lib/avr51\libatmega1284p.a
END GROUP
                0x00020000                __TEXT_REGION_LENGTH__ = DEFINED (__TEXT_REGION_LENGTH__)?__TEXT_REGION_LENGTH__:0x20000
                0x0000ff00                __DATA_REGION_LENGTH__ = DEFINED (__DATA_REGION_LENGTH__)?__DATA_REGION_LENGTH__:0xff00
                0x00010000                __EEPROM_REGION_LENGTH__ = DEFINED (__EEPROM_REGION_LENGTH__)?__EEPROM_REGION_LENGTH__:0x10000
                [0x00000003]                __FUSE_REGION_LENGTH__ = DEFINED (__FUSE_REGION_LENGTH__)?__FUSE_REGION_LENGTH__:0x400
                0x00000400                __LOCK_REGION_LENGTH__ = DEFINED (__LOCK_REGION_LENGTH__)?__LOCK_REGION_LENGTH__:0x400
                0x00000400                __SIGNATURE_REGION_LENGTH__ = DEFINED (__SIGNATURE_REGION_LENGTH__)?__SIGNATURE_REGION_LENGTH__:0x400
                0x00000400                __USER_SIGNATURE_REGION_LENGTH__ = DEFINED (__USER_SIGNATURE_REGION_LENGTH__)?__USER_SIGNATURE_REGION_LENGTH__:0x400

.hash
 *(.hash)

.dynsym
 *(.dynsym)

.dynstr
 *(.dynstr)

.gnu.version
 *(.gnu.version)

.gnu.version_d
 *(.gnu.version_d)

.gnu.version_r
 *(.gnu.version_r)

.rel.init
 *(.rel.init)

.rela.init
 *(.rela.init)

.rel.text
 *(.rel.text)
 *(.rel.text.*)
 *(.rel.gnu.linkonce.t*)

.rela.text
 *(.rela.text)
 *(.rela.text.*)
 *(.rela.gnu.linkonce.t*)

.rel.fini
 *(.rel.fini)

.rela.fini
 *(.rela.fini)

.rel.rodata
 *(.rel.rodata)
 *(.rel.rodata.*)
 *(.rel.gnu.linkonce.r*)

.rela.rodata
 *(.rela.rodata)
 *(.rela.rodata.*)
 *(.rela.gnu.linkonce.r*)

.rel.data
 *(.rel.data)
 *(.rel.data.*)
 *(.rel.gnu.linkonce.d*)

.rela.data
 *(.rela.data)
 *(.rela.data.*)
 *(.rela.gnu.linkonce.d*)

.rel.ctors
 *(.rel.ctors)

.rela.ctors
 *(.rela.ctors)

.rel.dtors
 *(.rel.dtors)

.rela.dtors
 *(.rela.dtors)

.rel.got
 *(.rel.got)

.rela.got
 *(.rela.got)

.rel.bss
 *(.rel.bss)

.rela.bss
 *(.rela.bss)

.rel.plt
 *(.rel.plt)

.rela.plt
 *(.rela.plt)

.text           0x00000000     0x5df0
 *(.vectors)
 .vectors       0x00000000       0x8c d:/users/arhitect/documents/avr8-gnu-toolchain-3.6.2.1759-win32.any.x86/avr8-gnu-toolchain-win32_x86/bin/../lib/gcc/avr/5.4.0/../../../../avr/lib/avr51/crtatmega1284p.o
                0x00000000                __vector_default
                0x00000000                __vectors
 *(.vectors)
 *(.progmem.gcc*)
 .progmem.gcc_sw_table.pcLinkSerial
                0x0000008c       0xa8 main.o
 .progmem.gcc_fplib
                0x00000134       0x28 d:/users/arhitect/documents/avr8-gnu-toolchain-3.6.2.1759-win32.any.x86/avr8-gnu-toolchain-win32_x86/bin/../lib/gcc/avr/5.4.0/../../../../avr/lib/avr51\libm.a(exp.o)
 .progmem.gcc_fplib
                0x0000015c       0x5a d:/users/arhitect/documents/avr8-gnu-toolchain-3.6.2.1759-win32.any.x86/avr8-gnu-toolchain-win32_x86/bin/../lib/gcc/avr/5.4.0/../../../../avr/lib/avr51\libm.a(log.o)
                0x000001b6                . = ALIGN (0x2)
                0x000001b6                __trampolines_start = .
 *(.trampolines)
 .trampolines   0x000001b6        0x0 linker stubs
 *(.trampolines*)
                0x000001b6                __trampolines_end = .
 *libprintf_flt.a:*(.progmem.data)
 .progmem.data  0x000001b6        0x8 d:/users/arhitect/documents/avr8-gnu-toolchain-3.6.2.1759-win32.any.x86/avr8-gnu-toolchain-win32_x86/bin/../lib/gcc/avr/5.4.0/../../../../avr/lib/avr51\libprintf_flt.a(vfprintf_flt.o)
 *libc.a:*(.progmem.data)
 .progmem.data  0x000001be       0xfa d:/users/arhitect/documents/avr8-gnu-toolchain-3.6.2.1759-win32.any.x86/avr8-gnu-toolchain-win32_x86/bin/../lib/gcc/avr/5.4.0/../../../../avr/lib/avr51\libc.a(ftoa_engine.o)
 *(.progmem*)
 .progmem.data.__c.3026
                0x000002b8       0x11 main.o
                0x000002ca                . = ALIGN (0x2)
 *fill*         0x000002c9        0x1 
 *(.jumptables)
 *(.jumptables*)
 *(.lowtext)
 *(.lowtext*)
                0x000002ca                __ctors_start = .
 *(.ctors)
                0x000002ca                __ctors_end = .
                0x000002ca                __dtors_start = .
 *(.dtors)
                0x000002ca                __dtors_end = .
 SORT(*)(.ctors)
 SORT(*)(.dtors)
 *(.init0)
 .init0         0x000002ca        0x0 d:/users/arhitect/documents/avr8-gnu-toolchain-3.6.2.1759-win32.any.x86/avr8-gnu-toolchain-win32_x86/bin/../lib/gcc/avr/5.4.0/../../../../avr/lib/avr51/crtatmega1284p.o
                0x000002ca                __init
 *(.init0)
 *(.init1)
 *(.init1)
 *(.init2)
 .init2         0x000002ca        0xc d:/users/arhitect/documents/avr8-gnu-toolchain-3.6.2.1759-win32.any.x86/avr8-gnu-toolchain-win32_x86/bin/../lib/gcc/avr/5.4.0/../../../../avr/lib/avr51/crtatmega1284p.o
 *(.init2)
 *(.init3)
 *(.init3)
 *(.init4)
 .init4         0x000002d6       0x1a d:/users/arhitect/documents/avr8-gnu-toolchain-3.6.2.1759-win32.any.x86/avr8-gnu-toolchain-win32_x86/bin/../lib/gcc/avr/5.4.0/avr51\libgcc.a(_copy_data.o)
                0x000002d6                __do_copy_data
 .init4         0x000002f0       0x10 d:/users/arhitect/documents/avr8-gnu-toolchain-3.6.2.1759-win32.any.x86/avr8-gnu-toolchain-win32_x86/bin/../lib/gcc/avr/5.4.0/avr51\libgcc.a(_clear_bss.o)
                0x000002f0                __do_clear_bss
 *(.init4)
 *(.init5)
 *(.init5)
 *(.init6)
 *(.init6)
 *(.init7)
 *(.init7)
 *(.init8)
 *(.init8)
 *(.init9)
 .init9         0x00000300        0x8 d:/users/arhitect/documents/avr8-gnu-toolchain-3.6.2.1759-win32.any.x86/avr8-gnu-toolchain-win32_x86/bin/../lib/gcc/avr/5.4.0/../../../../avr/lib/avr51/crtatmega1284p.o
 *(.init9)
 *(.text)
 .text          0x00000308        0x4 d:/users/arhitect/documents/avr8-gnu-toolchain-3.6.2.1759-win32.any.x86/avr8-gnu-toolchain-win32_x86/bin/../lib/gcc/avr/5.4.0/../../../../avr/lib/avr51/crtatmega1284p.o
                0x00000308                __vector_22
                0x00000308                __vector_28
                0x00000308                __vector_1
                0x00000308                __vector_32
                0x00000308                __vector_34
                0x00000308                __vector_12
                0x00000308                __bad_interrupt
                0x00000308                __vector_31
                0x00000308                __vector_3
                0x00000308                __vector_23
                0x00000308                __vector_30
                0x00000308                __vector_25
                0x00000308                __vector_11
                0x00000308                __vector_13
                0x00000308                __vector_17
                0x00000308                __vector_19
                0x00000308                __vector_7
                0x00000308                __vector_27
                0x00000308                __vector_5
                0x00000308                __vector_33
                0x00000308                __vector_4
                0x00000308                __vector_9
                0x00000308                __vector_2
                0x00000308                __vector_21
                0x00000308                __vector_29
                0x00000308                __vector_8
                0x00000308                __vector_26
                0x00000308                __vector_14
                0x00000308                __vector_10
                0x00000308                __vector_18
                0x00000308                __vector_20
                0x0000030c                . = ALIGN (0x2)
 *(.text.*)
 .text.avr-libc
                0x0000030c      0x74c d:/users/arhitect/documents/avr8-gnu-toolchain-3.6.2.1759-win32.any.x86/avr8-gnu-toolchain-win32_x86/bin/../lib/gcc/avr/5.4.0/../../../../avr/lib/avr51\libprintf_flt.a(vfprintf_flt.o)
                0x0000030c                vfprintf
 .text.setup_ADC_sleepmode
                0x00000a58       0x14 battery_pack.o
                0x00000a58                setup_ADC_sleepmode
 .text.fetchDataADC
                0x00000a6c       0x30 battery_pack.o
                0x00000a6c                fetchDataADC
 .text.oversample16x
                0x00000a9c       0x3a battery_pack.o
                0x00000a9c                oversample16x
 .text.initSPI  0x00000ad6       0x1e FM25V10.o
                0x00000ad6                initSPI
 .text.SPI_tradeByte
                0x00000af4        0xa FM25V10.o
                0x00000af4                SPI_tradeByte
 .text.FRAM_send24BitAddress
                0x00000afe       0x1a FM25V10.o
                0x00000afe                FRAM_send24BitAddress
 .text.FRAM_writeEnable
                0x00000b18        0xc FM25V10.o
                0x00000b18                FRAM_writeEnable
 .text.FRAM_readByte
                0x00000b24       0x30 FM25V10.o
                0x00000b24                FRAM_readByte
 .text.FRAM_writeByte
                0x00000b54       0x3e FM25V10.o
                0x00000b54                FRAM_writeByte
 .text.FRAM_readWord
                0x00000b92       0x4e FM25V10.o
                0x00000b92                FRAM_readWord
 .text.FRAM_writeWord
                0x00000be0       0x42 FM25V10.o
                0x00000be0                FRAM_writeWord
 .text.FRAM_clearAll
                0x00000c22       0x4a FM25V10.o
                0x00000c22                FRAM_clearAll
 .text.LIDAR_scanArea
                0x00000c6c       0x7c Garmin_LIDAR_Lite_v3HP.o
                0x00000c6c                LIDAR_scanArea
 .text.check_LIDAR_busyFlag
                0x00000ce8       0xc4 Garmin_LIDAR_Lite_v3HP.o
                0x00000ce8                check_LIDAR_busyFlag
 .text.LIDAR_shuttle_Data
                0x00000dac       0xbe Garmin_LIDAR_Lite_v3HP.o
                0x00000dac                LIDAR_shuttle_Data
 .text.initI2C  0x00000e6a       0x18 i2c.o
                0x00000e6a                initI2C
 .text.i2cWaitForComplete
                0x00000e82        0xa i2c.o
                0x00000e82                i2cWaitForComplete
 .text.i2cStart
                0x00000e8c        0xa i2c.o
                0x00000e8c                i2cStart
 .text.i2cStop  0x00000e96        0x8 i2c.o
                0x00000e96                i2cStop
 .text.i2cReadAck
                0x00000e9e       0x10 i2c.o
                0x00000e9e                i2cReadAck
 .text.i2cReadNoAck
                0x00000eae       0x10 i2c.o
                0x00000eae                i2cReadNoAck
 .text.i2cSend  0x00000ebe        0xe i2c.o
                0x00000ebe                i2cSend
 .text.lcd_out  0x00000ecc       0x1c lcd_display.o
                0x00000ecc                lcd_out
 .text.lcd_nibble_out
                0x00000ee8       0x7c lcd_display.o
                0x00000ee8                lcd_nibble_out
 .text.lcd_clear
                0x00000f64       0x16 lcd_display.o
                0x00000f64                lcd_clear
 .text.lcd_home
                0x00000f7a        0xe lcd_display.o
                0x00000f7a                lcd_home
 .text.lcd_init
                0x00000f88       0x6e lcd_display.o
                0x00000f88                lcd_init
 .text.lcd_write_char
                0x00000ff6       0x3c lcd_display.o
                0x00000ff6                lcd_write_char
 .text.lcd_print_str
                0x00001032       0x58 lcd_display.o
                0x00001032                lcd_print_str
 .text.lcd_write_P
                0x0000108a      0x1da lcd_display.o
                0x0000108a                lcd_write_P
 .text.setRightBridgeState
                0x00001264       0x30 main.o
 .text.setLeftBridgeState
                0x00001294       0x26 main.o
 .text.printTemperature
                0x000012ba       0x6a main.o
 .text.initUSART
                0x00001324       0x22 main.o
                0x00001324                initUSART
 .text.roboDrive
                0x00001346       0xb0 main.o
                0x00001346                roboDrive
 .text.move_Servo_Bidirect
                0x000013f6      0x5b6 main.o
                0x000013f6                move_Servo_Bidirect
 .text.roboDrive_Arm_Testing
                0x000019ac       0xa2 main.o
                0x000019ac                roboDrive_Arm_Testing
 .text.roboDrive_RecoverArmsForParking
                0x00001a4e       0xae main.o
                0x00001a4e                roboDrive_RecoverArmsForParking
 .text.roboDrive_RecoverLeftArmForParking
                0x00001afc       0x5a main.o
                0x00001afc                roboDrive_RecoverLeftArmForParking
 .text.roboDrive_RecoverRightArmForParking
                0x00001b56       0x5a main.o
                0x00001b56                roboDrive_RecoverRightArmForParking
 .text.roboDrive_ParkArms
                0x00001bb0       0xae main.o
                0x00001bb0                roboDrive_ParkArms
 .text.roboDrive_ParkLeftArm
                0x00001c5e       0x5a main.o
                0x00001c5e                roboDrive_ParkLeftArm
 .text.roboDrive_ParkRightArm
                0x00001cb8       0x5a main.o
                0x00001cb8                roboDrive_ParkRightArm
 .text.roboDrive_DeployArmsState1
                0x00001d12       0xae main.o
                0x00001d12                roboDrive_DeployArmsState1
 .text.roboDrive_DeployLeft_Arm_State1
                0x00001dc0       0x5a main.o
                0x00001dc0                roboDrive_DeployLeft_Arm_State1
 .text.roboDrive_DeployRight_Arm_State1
                0x00001e1a       0x5a main.o
                0x00001e1a                roboDrive_DeployRight_Arm_State1
 .text.roboDrive_DeployLeft_Arm_State4
                0x00001e74       0x66 main.o
                0x00001e74                roboDrive_DeployLeft_Arm_State4
 .text.roboDrive_ParkLeft_Arm_fromState4
                0x00001eda       0xae main.o
                0x00001eda                roboDrive_ParkLeft_Arm_fromState4
 .text.roboDrive_DeployArmsState2
                0x00001f88       0xae main.o
                0x00001f88                roboDrive_DeployArmsState2
 .text.roboDrive_DeployArmsState3
                0x00002036       0xae main.o
                0x00002036                roboDrive_DeployArmsState3
 .text.roboDrive_ActivateArms
                0x000020e4       0x4e main.o
                0x000020e4                roboDrive_ActivateArms
 .text.roboDrive_LookUp
                0x00002132        0xc main.o
                0x00002132                roboDrive_LookUp
 .text.roboDrive_LookUp_Gradually
                0x0000213e       0x28 main.o
                0x0000213e                roboDrive_LookUp_Gradually
 .text.roboDrive_LookDown_Gradually
                0x00002166       0x28 main.o
                0x00002166                roboDrive_LookDown_Gradually
 .text.roboDrive_LookDown
                0x0000218e        0xc main.o
                0x0000218e                roboDrive_LookDown
 .text.roboDrive_LookUpFront
                0x0000219a        0xc main.o
                0x0000219a                roboDrive_LookUpFront
 .text.roboDrive_LiftUpArms
                0x000021a6       0xd8 main.o
                0x000021a6                roboDrive_LiftUpArms
 .text.roboDrive_move_Forward_LeftMechaArm
                0x0000227e       0xa4 main.o
                0x0000227e                roboDrive_move_Forward_LeftMechaArm
 .text.roboDrive_move_Forward_RightMechaArm
                0x00002322       0xa4 main.o
                0x00002322                roboDrive_move_Forward_RightMechaArm
 .text.roboDrive_Crane_LeftArm
                0x000023c6       0xa4 main.o
                0x000023c6                roboDrive_Crane_LeftArm
 .text.roboDrive_Crane_RightArm
                0x0000246a       0xa4 main.o
                0x0000246a                roboDrive_Crane_RightArm
 .text.roboDrive_move_RightMechaArm_CW
                0x0000250e       0x28 main.o
                0x0000250e                roboDrive_move_RightMechaArm_CW
 .text.roboDrive_move_RightMechaArm_CCW
                0x00002536       0x28 main.o
                0x00002536                roboDrive_move_RightMechaArm_CCW
 .text.roboDrive_move_LeftMechaArm_CW
                0x0000255e       0x28 main.o
                0x0000255e                roboDrive_move_LeftMechaArm_CW
 .text.roboDrive_move_LeftMechaArm_CCW
                0x00002586       0x28 main.o
                0x00002586                roboDrive_move_LeftMechaArm_CCW
 .text.roboDrive_CloseRightGripper_gradually
                0x000025ae       0x28 main.o
                0x000025ae                roboDrive_CloseRightGripper_gradually
 .text.roboDrive_OpenRightGripper_gradually
                0x000025d6       0x28 main.o
                0x000025d6                roboDrive_OpenRightGripper_gradually
 .text.roboDrive_CloseLeftGripper_gradually
                0x000025fe       0x28 main.o
                0x000025fe                roboDrive_CloseLeftGripper_gradually
 .text.roboDrive_OpenLeftGripper_gradually
                0x00002626       0x28 main.o
                0x00002626                roboDrive_OpenLeftGripper_gradually
 .text.roboDrive_Rotate_CW_GripperRightMechaArm
                0x0000264e       0x28 main.o
                0x0000264e                roboDrive_Rotate_CW_GripperRightMechaArm
 .text.roboDrive_Rotate_CCW_GripperRightMechaArm
                0x00002676       0x28 main.o
                0x00002676                roboDrive_Rotate_CCW_GripperRightMechaArm
 .text.roboDrive_Rotate_CW_GripperLeftMechaArm
                0x0000269e       0x28 main.o
                0x0000269e                roboDrive_Rotate_CW_GripperLeftMechaArm
 .text.roboDrive_Rotate_CCW_GripperLeftMechaArm
                0x000026c6       0x28 main.o
                0x000026c6                roboDrive_Rotate_CCW_GripperLeftMechaArm
 .text.roboDrive_Deploy_FlatSurfaceProbe
                0x000026ee       0x66 main.o
                0x000026ee                roboDrive_Deploy_FlatSurfaceProbe
 .text.printTime
                0x00002754       0xc0 main.o
                0x00002754                printTime
 .text.printFloat
                0x00002814      0x196 main.o
                0x00002814                printFloat
 .text.distanceTraveled
                0x000029aa       0x52 main.o
                0x000029aa                distanceTraveled
 .text.playNote
                0x000029fc       0x34 main.o
                0x000029fc                playNote
 .text.help_Readme
                0x00002a30      0x270 main.o
                0x00002a30                help_Readme
 .text.monthsRun
                0x00002ca0       0x2a main.o
                0x00002ca0                monthsRun
 .text.daysRun  0x00002cca       0x1c main.o
                0x00002cca                daysRun
 .text.hoursRun
                0x00002ce6       0xb2 main.o
                0x00002ce6                hoursRun
 .text.minutesRun
                0x00002d98      0x25e main.o
                0x00002d98                minutesRun
 .text.secondsRun
                0x00002ff6       0x4c main.o
                0x00002ff6                secondsRun
 .text.telemetryMotorRight
                0x00003042       0x48 main.o
                0x00003042                telemetryMotorRight
 .text.telemetryMotorLeft
                0x0000308a       0x46 main.o
                0x0000308a                telemetryMotorLeft
 .text.set_Time
                0x000030d0      0x1e4 main.o
                0x000030d0                set_Time
 .text.set_Kinetics
                0x000032b4      0x26a main.o
                0x000032b4                set_Kinetics
 .text.vibration_Scanning
                0x0000351e      0x21a main.o
                0x0000351e                vibration_Scanning
 .text.read_FRAM
                0x00003738      0x136 main.o
                0x00003738                read_FRAM
 .text.temperatureScanner
                0x0000386e      0x460 main.o
                0x0000386e                temperatureScanner
 .text.ping_Distance
                0x00003cce       0xc4 main.o
                0x00003cce                ping_Distance
 .text.update_Telemetry
                0x00003d92      0x11c main.o
                0x00003d92                update_Telemetry
 .text.pcLinkSerial
                0x00003eae      0x228 main.o
                0x00003eae                pcLinkSerial
 .text.__vector_15
                0x000040d6       0x2e main.o
                0x000040d6                __vector_15
 .text.__vector_16
                0x00004104       0x66 main.o
                0x00004104                __vector_16
 .text.__vector_6
                0x0000416a       0x54 main.o
                0x0000416a                __vector_6
 .text.__vector_24
                0x000041be        0x2 main.o
                0x000041be                __vector_24
 .text.startup.main
                0x000041c0      0x4e6 main.o
                0x000041c0                main
 .text.initPCA9685
                0x000046a6       0xf2 PCA9685_PWM_Controller.o
                0x000046a6                initPCA9685
 .text.runServo_onPCA9685
                0x00004798      0x106 PCA9685_PWM_Controller.o
                0x00004798                runServo_onPCA9685
 .text.pcf8575_Output
                0x0000489e       0x26 PCF8575_i2c_Expander.o
                0x0000489e                pcf8575_Output
 .text.measureDistance
                0x000048c4       0x40 sharp_IRED_PSD_sensor.o
                0x000048c4                measureDistance
 .text.stepperDrive_adapted
                0x00004904       0x48 stepper_motor.o
                0x00004904                stepperDrive_adapted
 .text.de_EnergizeStepper
                0x0000494c        0xa stepper_motor.o
                0x0000494c                de_EnergizeStepper
 .text.transmitByte
                0x00004956        0xe USART.o
                0x00004956                transmitByte
 .text.receiveByte
                0x00004964        0xe USART.o
                0x00004964                receiveByte
 .text.printString
                0x00004972       0x26 USART.o
                0x00004972                printString
 .text.printByte
                0x00004998       0x32 USART.o
                0x00004998                printByte
 .text.printWord
                0x000049ca       0x76 USART.o
                0x000049ca                printWord
 .text.printWord_32
                0x00004a40      0x16c USART.o
                0x00004a40                printWord_32
 .text.printBinaryByte
                0x00004bac       0x3c USART.o
                0x00004bac                printBinaryByte
 .text.getNumber
                0x00004be8       0x48 USART.o
                0x00004be8                getNumber
 .text.get_16BitNumber
                0x00004c30       0xb0 USART.o
                0x00004c30                get_16BitNumber
 .text.get_32BitNumber
                0x00004ce0      0x1ac USART.o
                0x00004ce0                get_32BitNumber
 .text.measure_Vibrations
                0x00004e8c      0x1c2 vibration_sensor.o
                0x00004e8c                measure_Vibrations
 .text.libgcc.div
                0x0000504e       0x18 d:/users/arhitect/documents/avr8-gnu-toolchain-3.6.2.1759-win32.any.x86/avr8-gnu-toolchain-win32_x86/bin/../lib/gcc/avr/5.4.0/avr51\libgcc.a(_udivmodqi4.o)
                0x0000504e                __udivmodqi4
 .text.libgcc.div
                0x00005066       0x28 d:/users/arhitect/documents/avr8-gnu-toolchain-3.6.2.1759-win32.any.x86/avr8-gnu-toolchain-win32_x86/bin/../lib/gcc/avr/5.4.0/avr51\libgcc.a(_udivmodhi4.o)
                0x00005066                __udivmodhi4
 .text.libgcc.div
                0x0000508e       0x44 d:/users/arhitect/documents/avr8-gnu-toolchain-3.6.2.1759-win32.any.x86/avr8-gnu-toolchain-win32_x86/bin/../lib/gcc/avr/5.4.0/avr51\libgcc.a(_udivmodsi4.o)
                0x0000508e                __udivmodsi4
 .text.libgcc   0x000050d2       0x12 d:/users/arhitect/documents/avr8-gnu-toolchain-3.6.2.1759-win32.any.x86/avr8-gnu-toolchain-win32_x86/bin/../lib/gcc/avr/5.4.0/avr51\libgcc.a(_tablejump2.o)
                0x000050d2                __tablejump2__
 .text.libgcc.mul
                0x000050e4       0x10 d:/users/arhitect/documents/avr8-gnu-toolchain-3.6.2.1759-win32.any.x86/avr8-gnu-toolchain-win32_x86/bin/../lib/gcc/avr/5.4.0/avr51\libgcc.a(_mulshisi3.o)
                0x000050e4                __mulshisi3
                0x000050ea                __mulohisi3
 .text.libgcc.mul
                0x000050f4       0x16 d:/users/arhitect/documents/avr8-gnu-toolchain-3.6.2.1759-win32.any.x86/avr8-gnu-toolchain-win32_x86/bin/../lib/gcc/avr/5.4.0/avr51\libgcc.a(_muluhisi3.o)
                0x000050f4                __muluhisi3
 .text.libgcc.mul
                0x0000510a       0x1e d:/users/arhitect/documents/avr8-gnu-toolchain-3.6.2.1759-win32.any.x86/avr8-gnu-toolchain-win32_x86/bin/../lib/gcc/avr/5.4.0/avr51\libgcc.a(_umulhisi3.o)
                0x0000510a                __umulhisi3
 .text.avr-libc.fplib
                0x00005128        0xe d:/users/arhitect/documents/avr8-gnu-toolchain-3.6.2.1759-win32.any.x86/avr8-gnu-toolchain-win32_x86/bin/../lib/gcc/avr/5.4.0/../../../../avr/lib/avr51\libm.a(addsf3.o)
                0x00005128                __subsf3
                0x0000512a                __addsf3
 .text.avr-libc.fplib
                0x00005136       0xcc d:/users/arhitect/documents/avr8-gnu-toolchain-3.6.2.1759-win32.any.x86/avr8-gnu-toolchain-win32_x86/bin/../lib/gcc/avr/5.4.0/../../../../avr/lib/avr51\libm.a(addsf3x.o)
                0x00005158                __addsf3x
 .text.avr-libc.fplib
                0x00005202        0xa d:/users/arhitect/documents/avr8-gnu-toolchain-3.6.2.1759-win32.any.x86/avr8-gnu-toolchain-win32_x86/bin/../lib/gcc/avr/5.4.0/../../../../avr/lib/avr51\libm.a(cmpsf2.o)
                0x00005202                __nesf2
                0x00005202                __eqsf2
                0x00005202                __cmpsf2
                0x00005202                __ltsf2
                0x00005202                __lesf2
 .text.avr-libc.fplib
                0x0000520c        0x8 d:/users/arhitect/documents/avr8-gnu-toolchain-3.6.2.1759-win32.any.x86/avr8-gnu-toolchain-win32_x86/bin/../lib/gcc/avr/5.4.0/../../../../avr/lib/avr51\libm.a(divsf3.o)
                0x0000520c                __divsf3
 .text.avr-libc.fplib
                0x00005214       0xdc d:/users/arhitect/documents/avr8-gnu-toolchain-3.6.2.1759-win32.any.x86/avr8-gnu-toolchain-win32_x86/bin/../lib/gcc/avr/5.4.0/../../../../avr/lib/avr51\libm.a(divsf3x.o)
                0x00005234                __divsf3x
                0x0000523a                __divsf3_pse
 .text.avr-libc.fplib
                0x000052f0       0x5e d:/users/arhitect/documents/avr8-gnu-toolchain-3.6.2.1759-win32.any.x86/avr8-gnu-toolchain-win32_x86/bin/../lib/gcc/avr/5.4.0/../../../../avr/lib/avr51\libm.a(fixunssfsi.o)
                0x000052f0                __fixunssfsi
 .text.avr-libc.fplib
                0x0000534e       0x7a d:/users/arhitect/documents/avr8-gnu-toolchain-3.6.2.1759-win32.any.x86/avr8-gnu-toolchain-win32_x86/bin/../lib/gcc/avr/5.4.0/../../../../avr/lib/avr51\libm.a(floatsisf.o)
                0x0000534e                __floatunsisf
                0x00005352                __floatsisf
 .text.avr-libc.fplib
                0x000053c8       0x2e d:/users/arhitect/documents/avr8-gnu-toolchain-3.6.2.1759-win32.any.x86/avr8-gnu-toolchain-win32_x86/bin/../lib/gcc/avr/5.4.0/../../../../avr/lib/avr51\libm.a(floor.o)
                0x000053c8                floor
 .text.avr-libc.fplib
                0x000053f6       0x48 d:/users/arhitect/documents/avr8-gnu-toolchain-3.6.2.1759-win32.any.x86/avr8-gnu-toolchain-win32_x86/bin/../lib/gcc/avr/5.4.0/../../../../avr/lib/avr51\libm.a(fp_cmp.o)
                0x000053f6                __fp_cmp
 .text.avr-libc.fplib
                0x0000543e        0xc d:/users/arhitect/documents/avr8-gnu-toolchain-3.6.2.1759-win32.any.x86/avr8-gnu-toolchain-win32_x86/bin/../lib/gcc/avr/5.4.0/../../../../avr/lib/avr51\libm.a(fp_inf.o)
                0x0000543e                __fp_inf
 .text.avr-libc.fplib
                0x0000544a       0x36 d:/users/arhitect/documents/avr8-gnu-toolchain-3.6.2.1759-win32.any.x86/avr8-gnu-toolchain-win32_x86/bin/../lib/gcc/avr/5.4.0/../../../../avr/lib/avr51\libm.a(fp_mintl.o)
                0x0000544a                __fp_mintl
 .text.avr-libc.fplib
                0x00005480       0x1c d:/users/arhitect/documents/avr8-gnu-toolchain-3.6.2.1759-win32.any.x86/avr8-gnu-toolchain-win32_x86/bin/../lib/gcc/avr/5.4.0/../../../../avr/lib/avr51\libm.a(fp_mpack.o)
                0x00005480                __fp_mpack
                0x00005484                __fp_mpack_finite
 .text.avr-libc.fplib
                0x0000549c        0x6 d:/users/arhitect/documents/avr8-gnu-toolchain-3.6.2.1759-win32.any.x86/avr8-gnu-toolchain-win32_x86/bin/../lib/gcc/avr/5.4.0/../../../../avr/lib/avr51\libm.a(fp_nan.o)
                0x0000549c                __fp_nan
 .text.avr-libc.fplib
                0x000054a2        0xe d:/users/arhitect/documents/avr8-gnu-toolchain-3.6.2.1759-win32.any.x86/avr8-gnu-toolchain-win32_x86/bin/../lib/gcc/avr/5.4.0/../../../../avr/lib/avr51\libm.a(fp_pscA.o)
                0x000054a2                __fp_pscA
 .text.avr-libc.fplib
                0x000054b0        0xe d:/users/arhitect/documents/avr8-gnu-toolchain-3.6.2.1759-win32.any.x86/avr8-gnu-toolchain-win32_x86/bin/../lib/gcc/avr/5.4.0/../../../../avr/lib/avr51\libm.a(fp_pscB.o)
                0x000054b0                __fp_pscB
 .text.avr-libc.fplib
                0x000054be       0x22 d:/users/arhitect/documents/avr8-gnu-toolchain-3.6.2.1759-win32.any.x86/avr8-gnu-toolchain-win32_x86/bin/../lib/gcc/avr/5.4.0/../../../../avr/lib/avr51\libm.a(fp_round.o)
                0x000054be                __fp_round
 .text.avr-libc.fplib
                0x000054e0       0x44 d:/users/arhitect/documents/avr8-gnu-toolchain-3.6.2.1759-win32.any.x86/avr8-gnu-toolchain-win32_x86/bin/../lib/gcc/avr/5.4.0/../../../../avr/lib/avr51\libm.a(fp_split3.o)
                0x000054e0                __fp_split3
                0x000054f0                __fp_splitA
 .text.avr-libc.fplib
                0x00005524       0x30 d:/users/arhitect/documents/avr8-gnu-toolchain-3.6.2.1759-win32.any.x86/avr8-gnu-toolchain-win32_x86/bin/../lib/gcc/avr/5.4.0/../../../../avr/lib/avr51\libm.a(fp_trunc.o)
                0x00005524                __fp_trunc
 .text.avr-libc.fplib
                0x00005554        0xe d:/users/arhitect/documents/avr8-gnu-toolchain-3.6.2.1759-win32.any.x86/avr8-gnu-toolchain-win32_x86/bin/../lib/gcc/avr/5.4.0/../../../../avr/lib/avr51\libm.a(fp_zero.o)
                0x00005554                __fp_zero
                0x00005556                __fp_szero
 .text.avr-libc.fplib
                0x00005562        0xa d:/users/arhitect/documents/avr8-gnu-toolchain-3.6.2.1759-win32.any.x86/avr8-gnu-toolchain-win32_x86/bin/../lib/gcc/avr/5.4.0/../../../../avr/lib/avr51\libm.a(gesf2.o)
                0x00005562                __gesf2
                0x00005562                __gtsf2
 .text.avr-libc.fplib
                0x0000556c        0x8 d:/users/arhitect/documents/avr8-gnu-toolchain-3.6.2.1759-win32.any.x86/avr8-gnu-toolchain-win32_x86/bin/../lib/gcc/avr/5.4.0/../../../../avr/lib/avr51\libm.a(mulsf3.o)
                0x0000556c                __mulsf3
 .text.avr-libc.fplib
                0x00005574       0xd2 d:/users/arhitect/documents/avr8-gnu-toolchain-3.6.2.1759-win32.any.x86/avr8-gnu-toolchain-win32_x86/bin/../lib/gcc/avr/5.4.0/../../../../avr/lib/avr51\libm.a(mulsf3x.o)
                0x00005592                __mulsf3x
                0x00005598                __mulsf3_pse
 .text.avr-libc.fplib
                0x00005646       0xa0 d:/users/arhitect/documents/avr8-gnu-toolchain-3.6.2.1759-win32.any.x86/avr8-gnu-toolchain-win32_x86/bin/../lib/gcc/avr/5.4.0/../../../../avr/lib/avr51\libm.a(pow.o)
                0x00005646                pow
 .text.avr-libc.fplib
                0x000056e6       0x48 d:/users/arhitect/documents/avr8-gnu-toolchain-3.6.2.1759-win32.any.x86/avr8-gnu-toolchain-win32_x86/bin/../lib/gcc/avr/5.4.0/../../../../avr/lib/avr51\libm.a(round.o)
                0x000056e6                round
 .text.avr-libc.fplib
                0x0000572e       0x74 d:/users/arhitect/documents/avr8-gnu-toolchain-3.6.2.1759-win32.any.x86/avr8-gnu-toolchain-win32_x86/bin/../lib/gcc/avr/5.4.0/../../../../avr/lib/avr51\libm.a(exp.o)
                0x0000573e                exp
 .text.avr-libc.fplib
                0x000057a2       0x4e d:/users/arhitect/documents/avr8-gnu-toolchain-3.6.2.1759-win32.any.x86/avr8-gnu-toolchain-win32_x86/bin/../lib/gcc/avr/5.4.0/../../../../avr/lib/avr51\libm.a(fp_powser.o)
                0x000057a2                __fp_powser
 .text.avr-libc.fplib
                0x000057f0       0x10 d:/users/arhitect/documents/avr8-gnu-toolchain-3.6.2.1759-win32.any.x86/avr8-gnu-toolchain-win32_x86/bin/../lib/gcc/avr/5.4.0/../../../../avr/lib/avr51\libm.a(inverse.o)
                0x000057f0                inverse
 .text.avr-libc.fplib
                0x00005800       0x74 d:/users/arhitect/documents/avr8-gnu-toolchain-3.6.2.1759-win32.any.x86/avr8-gnu-toolchain-win32_x86/bin/../lib/gcc/avr/5.4.0/../../../../avr/lib/avr51\libm.a(ldexp.o)
                0x00005808                ldexp
 .text.avr-libc.fplib
                0x00005874       0xa0 d:/users/arhitect/documents/avr8-gnu-toolchain-3.6.2.1759-win32.any.x86/avr8-gnu-toolchain-win32_x86/bin/../lib/gcc/avr/5.4.0/../../../../avr/lib/avr51\libm.a(log.o)
                0x00005884                log
 .text.avr-libc.fplib
                0x00005914       0x68 d:/users/arhitect/documents/avr8-gnu-toolchain-3.6.2.1759-win32.any.x86/avr8-gnu-toolchain-win32_x86/bin/../lib/gcc/avr/5.4.0/../../../../avr/lib/avr51\libm.a(modf.o)
                0x00005914                modf
                0x00005914                modff
 .text.avr-libc
                0x0000597c       0x3c d:/users/arhitect/documents/avr8-gnu-toolchain-3.6.2.1759-win32.any.x86/avr8-gnu-toolchain-win32_x86/bin/../lib/gcc/avr/5.4.0/../../../../avr/lib/avr51\libc.a(atoi.o)
                0x0000597c                atoi
 .text.avr-libc
                0x000059b8      0x1b0 d:/users/arhitect/documents/avr8-gnu-toolchain-3.6.2.1759-win32.any.x86/avr8-gnu-toolchain-win32_x86/bin/../lib/gcc/avr/5.4.0/../../../../avr/lib/avr51\libc.a(ftoa_engine.o)
                0x000059b8                __ftoa_engine
 .text.avr-libc
                0x00005b68       0x16 d:/users/arhitect/documents/avr8-gnu-toolchain-3.6.2.1759-win32.any.x86/avr8-gnu-toolchain-win32_x86/bin/../lib/gcc/avr/5.4.0/../../../../avr/lib/avr51\libc.a(strnlen_P.o)
                0x00005b68                strnlen_P
 .text.avr-libc
                0x00005b7e       0x16 d:/users/arhitect/documents/avr8-gnu-toolchain-3.6.2.1759-win32.any.x86/avr8-gnu-toolchain-win32_x86/bin/../lib/gcc/avr/5.4.0/../../../../avr/lib/avr51\libc.a(strcat.o)
                0x00005b7e                strcat
 .text.avr-libc
                0x00005b94       0x12 d:/users/arhitect/documents/avr8-gnu-toolchain-3.6.2.1759-win32.any.x86/avr8-gnu-toolchain-win32_x86/bin/../lib/gcc/avr/5.4.0/../../../../avr/lib/avr51\libc.a(strcmp.o)
                0x00005b94                strcmp
 .text.avr-libc
                0x00005ba6        0xe d:/users/arhitect/documents/avr8-gnu-toolchain-3.6.2.1759-win32.any.x86/avr8-gnu-toolchain-win32_x86/bin/../lib/gcc/avr/5.4.0/../../../../avr/lib/avr51\libc.a(strcpy.o)
                0x00005ba6                strcpy
 .text.avr-libc
                0x00005bb4       0x16 d:/users/arhitect/documents/avr8-gnu-toolchain-3.6.2.1759-win32.any.x86/avr8-gnu-toolchain-win32_x86/bin/../lib/gcc/avr/5.4.0/../../../../avr/lib/avr51\libc.a(strnlen.o)
                0x00005bb4                strnlen
 .text.avr-libc
                0x00005bca       0x16 d:/users/arhitect/documents/avr8-gnu-toolchain-3.6.2.1759-win32.any.x86/avr8-gnu-toolchain-win32_x86/bin/../lib/gcc/avr/5.4.0/../../../../avr/lib/avr51\libc.a(itoa.o)
                0x00005bca                __itoa
                0x00005bca                itoa
 .text.avr-libc
                0x00005be0       0x16 d:/users/arhitect/documents/avr8-gnu-toolchain-3.6.2.1759-win32.any.x86/avr8-gnu-toolchain-win32_x86/bin/../lib/gcc/avr/5.4.0/../../../../avr/lib/avr51\libc.a(itoa_ncheck.o)
                0x00005be0                __itoa_ncheck
 .text.avr-libc
                0x00005bf6       0x10 d:/users/arhitect/documents/avr8-gnu-toolchain-3.6.2.1759-win32.any.x86/avr8-gnu-toolchain-win32_x86/bin/../lib/gcc/avr/5.4.0/../../../../avr/lib/avr51\libc.a(mul10.o)
                0x00005bf6                __mulhi_const_10
 .text.avr-libc
                0x00005c06       0x34 d:/users/arhitect/documents/avr8-gnu-toolchain-3.6.2.1759-win32.any.x86/avr8-gnu-toolchain-win32_x86/bin/../lib/gcc/avr/5.4.0/../../../../avr/lib/avr51\libc.a(utoa_ncheck.o)
                0x00005c06                __utoa_ncheck
                0x00005c08                __utoa_common
 .text.avr-libc
                0x00005c3a       0x78 d:/users/arhitect/documents/avr8-gnu-toolchain-3.6.2.1759-win32.any.x86/avr8-gnu-toolchain-win32_x86/bin/../lib/gcc/avr/5.4.0/../../../../avr/lib/avr51\libc.a(fputc.o)
                0x00005c3a                fputc
 .text.avr-libc
                0x00005cb2       0x5e d:/users/arhitect/documents/avr8-gnu-toolchain-3.6.2.1759-win32.any.x86/avr8-gnu-toolchain-win32_x86/bin/../lib/gcc/avr/5.4.0/../../../../avr/lib/avr51\libc.a(sprintf.o)
                0x00005cb2                sprintf
 .text.avr-libc
                0x00005d10       0xbc d:/users/arhitect/documents/avr8-gnu-toolchain-3.6.2.1759-win32.any.x86/avr8-gnu-toolchain-win32_x86/bin/../lib/gcc/avr/5.4.0/../../../../avr/lib/avr51\libc.a(ultoa_invert.o)
                0x00005d10                __ultoa_invert
 .text.avr-libc
                0x00005dcc       0x20 d:/users/arhitect/documents/avr8-gnu-toolchain-3.6.2.1759-win32.any.x86/avr8-gnu-toolchain-win32_x86/bin/../lib/gcc/avr/5.4.0/../../../../avr/lib/avr51\libc.a(strrev.o)
                0x00005dcc                strrev
                0x00005dec                . = ALIGN (0x2)
 *(.fini9)
 .fini9         0x00005dec        0x0 d:/users/arhitect/documents/avr8-gnu-toolchain-3.6.2.1759-win32.any.x86/avr8-gnu-toolchain-win32_x86/bin/../lib/gcc/avr/5.4.0/avr51\libgcc.a(_exit.o)
                0x00005dec                _exit
                0x00005dec                exit
 *(.fini9)
 *(.fini8)
 *(.fini8)
 *(.fini7)
 *(.fini7)
 *(.fini6)
 *(.fini6)
 *(.fini5)
 *(.fini5)
 *(.fini4)
 *(.fini4)
 *(.fini3)
 *(.fini3)
 *(.fini2)
 *(.fini2)
 *(.fini1)
 *(.fini1)
 *(.fini0)
 .fini0         0x00005dec        0x4 d:/users/arhitect/documents/avr8-gnu-toolchain-3.6.2.1759-win32.any.x86/avr8-gnu-toolchain-win32_x86/bin/../lib/gcc/avr/5.4.0/avr51\libgcc.a(_exit.o)
 *(.fini0)
                0x00005df0                _etext = .

.data           0x00800100     0x1ede load address 0x00005df0
                0x00800100                PROVIDE (__data_start, .)
 *(.data)
 *(.data*)
 .data.currentNoteLength
                0x00800100        0x2 main.o
                0x00800100                currentNoteLength
 .data.seconds_
                0x00800102        0x1 main.o
                0x00800102                seconds_
 .data.minutes_
                0x00800103        0x1 main.o
                0x00800103                minutes_
 .data.hours_   0x00800104        0x1 main.o
                0x00800104                hours_
 .data.days_    0x00800105        0x1 main.o
                0x00800105                days_
 .data.months_  0x00800106        0x1 main.o
                0x00800106                months_
 .data.year_    0x00800107        0x2 main.o
                0x00800107                year_
 .data.servo_speed_rotation_grippers
                0x00800109        0x1 main.o
                0x00800109                servo_speed_rotation_grippers
 .data.servo_speed_grippers
                0x0080010a        0x1 main.o
                0x0080010a                servo_speed_grippers
 .data.servo_speed_towerdrive
                0x0080010b        0x1 main.o
                0x0080010b                servo_speed_towerdrive
 .data.servo_speed_turning_mecha_arms
                0x0080010c        0x1 main.o
                0x0080010c                servo_speed_turning_mecha_arms
 .data.servo_speed_mecha_arms
                0x0080010d        0x1 main.o
                0x0080010d                servo_speed_mecha_arms
 .data.drive_speed
                0x0080010e        0x1 main.o
                0x0080010e                drive_speed
 .data.stepper_speed
                0x0080010f        0x1 main.o
                0x0080010f                stepper_speed
 .data.direction
                0x00800110        0x1 stepper_motor.o
                0x00800110                direction
 .data.padding  0x00800111        0x1 vibration_sensor.o
                0x00800111                padding
 .data.lowValue
                0x00800112        0x2 vibration_sensor.o
                0x00800112                lowValue
 .data.highValue
                0x00800114        0x2 vibration_sensor.o
                0x00800114                highValue
 .data.middleValue
                0x00800116        0x2 vibration_sensor.o
                0x00800116                middleValue
 *(.gnu.linkonce.d*)
 *(.rodata)
 *(.rodata*)
 .rodata.str1.1
                0x00800118      0x165 Garmin_LIDAR_Lite_v3HP.o
                                0x168 (size before relaxing)
 .rodata.str1.1
                0x0080027d     0x1cfe main.o
                               0x1d19 (size before relaxing)
 .rodata.notes  0x00801f7b       0x24 main.o
                0x00801f7b                notes
 .rodata.motor_Phases
                0x00801f9f        0x8 stepper_motor.o
                0x00801f9f                motor_Phases
 .rodata.str1.1
                0x00801fa7       0x37 vibration_sensor.o
                                 0x39 (size before relaxing)
 *(.gnu.linkonce.r*)
                0x00801fde                . = ALIGN (0x2)
                0x00801fde                _edata = .
                0x00801fde                PROVIDE (__data_end, .)

.bss            0x00801fde       0x8e
                0x00801fde                PROVIDE (__bss_start, .)
 *(.bss)
 *(.bss*)
 .bss.char_counter
                0x00801fde        0x1 lcd_display.o
                0x00801fde                char_counter
 .bss.LIDAR_distance
                0x00801fdf        0x2 main.o
                0x00801fdf                LIDAR_distance
 .bss.LIDAR_status
                0x00801fe1        0x1 main.o
                0x00801fe1                LIDAR_status
 .bss.test_cycle_num
                0x00801fe2        0x2 main.o
                0x00801fe2                test_cycle_num
 .bss.sys_tick  0x00801fe4        0x2 main.o
                0x00801fe4                sys_tick
 .bss.distance_cm
                0x00801fe6        0x4 sharp_IRED_PSD_sensor.o
                0x00801fe6                distance_cm
 .bss.stepCounter
                0x00801fea        0x2 stepper_motor.o
                0x00801fea                stepCounter
 .bss.stepPhase
                0x00801fec        0x1 stepper_motor.o
                0x00801fec                stepPhase
 .bss.noiseVolume
                0x00801fed        0x2 vibration_sensor.o
                0x00801fed                noiseVolume
 .bss.lightsOutTimer
                0x00801fef        0x2 vibration_sensor.o
                0x00801fef                lightsOutTimer
 *(COMMON)
 COMMON         0x00801ff1        0x4 battery_pack.o
                0x00801ff1                power_pack_voltage
 COMMON         0x00801ff5       0x6a main.o
                0x00801ff5                ambient_light
                0x00801ff7                address
                0x00801ff8                move_dir_L
                0x00801ff9                distance
                0x00801ffd                currentMemoryLocation
                0x00802001                tempLowByte
                0x00802002                move_knob_L
                0x00802003                move_dir_R
                0x00802004                scanner_minVal
                0x00802006                user_input
                0x00802007                i
                0x0080200b                hall_S2L_pulse
                0x0080200d                i_
                0x0080200f                distance_buffer
                0x00802023                temperatureByte
                0x00802024                move_knob_R
                0x00802025                tempHighByte
                0x00802026                enterMenu
                0x00802027                hall_S2R_pulse
                0x00802029                secondsDelay
                0x0080202b                voltage_buffer
                0x0080203f                temp_buffer
                0x00802053                ired_range
                0x00802055                LIDAR_range_buffer
 COMMON         0x0080205f        0x3 PCA9685_PWM_Controller.o
                0x0080205f                global_address
                0x00802060                global_freq_pwm
 COMMON         0x00802062        0xa vibration_sensor.o
                0x00802062                theta_1
                0x00802066                theta_0
                0x0080206a                adcValue
                0x0080206c                PROVIDE (__bss_end, .)
                0x00005df0                __data_load_start = LOADADDR (.data)
                0x00007cce                __data_load_end = (__data_load_start + SIZEOF (.data))

.noinit         0x0080206c        0x0
                [!provide]                PROVIDE (__noinit_start, .)
 *(.noinit*)
                [!provide]                PROVIDE (__noinit_end, .)
                0x0080206c                _end = .
                [!provide]                PROVIDE (__heap_start, .)

.eeprom         0x00810000        0x0
 *(.eeprom*)
                0x00810000                __eeprom_end = .

.fuse           0x00820000        0x3
 *(.fuse)
 .fuse          0x00820000        0x3 fuse.o
                0x00820000                __fuse
 *(.lfuse)
 *(.hfuse)
 *(.efuse)

.lock
 *(.lock*)

.signature
 *(.signature*)

.user_signatures
 *(.user_signatures*)

.stab
 *(.stab)

.stabstr
 *(.stabstr)

.stab.excl
 *(.stab.excl)

.stab.exclstr
 *(.stab.exclstr)

.stab.index
 *(.stab.index)

.stab.indexstr
 *(.stab.indexstr)

.comment        0x00000000       0x5c
 *(.comment)
 .comment       0x00000000       0x2c d:/users/arhitect/documents/avr8-gnu-toolchain-3.6.2.1759-win32.any.x86/avr8-gnu-toolchain-win32_x86/bin/../lib/gcc/avr/5.4.0/../../../../avr/lib/avr51\libprintf_flt.a(vfprintf_flt.o)
                                 0x2d (size before relaxing)
 .comment       0x0000002c       0x30 battery_pack.o
                                 0x31 (size before relaxing)
 .comment       0x0000005c       0x31 FM25V10.o
 .comment       0x0000005c       0x31 fuse.o
 .comment       0x0000005c       0x31 Garmin_LIDAR_Lite_v3HP.o
 .comment       0x0000005c       0x31 i2c.o
 .comment       0x0000005c       0x31 lcd_display.o
 .comment       0x0000005c       0x31 main.o
 .comment       0x0000005c       0x31 PCA9685_PWM_Controller.o
 .comment       0x0000005c       0x31 PCF8575_i2c_Expander.o
 .comment       0x0000005c       0x31 sharp_IRED_PSD_sensor.o
 .comment       0x0000005c       0x31 stepper_motor.o
 .comment       0x0000005c       0x31 USART.o
 .comment       0x0000005c       0x31 vibration_sensor.o
 .comment       0x0000005c       0x31 d:/users/arhitect/documents/avr8-gnu-toolchain-3.6.2.1759-win32.any.x86/avr8-gnu-toolchain-win32_x86/bin/../lib/gcc/avr/5.4.0/../../../../avr/lib/avr51\libc.a(fputc.o)
 .comment       0x0000005c       0x31 d:/users/arhitect/documents/avr8-gnu-toolchain-3.6.2.1759-win32.any.x86/avr8-gnu-toolchain-win32_x86/bin/../lib/gcc/avr/5.4.0/../../../../avr/lib/avr51\libc.a(sprintf.o)

.note.gnu.avr.deviceinfo
                0x00000000       0x40
 .note.gnu.avr.deviceinfo
                0x00000000       0x40 d:/users/arhitect/documents/avr8-gnu-toolchain-3.6.2.1759-win32.any.x86/avr8-gnu-toolchain-win32_x86/bin/../lib/gcc/avr/5.4.0/../../../../avr/lib/avr51/crtatmega1284p.o

.note.gnu.build-id
 *(.note.gnu.build-id)

.debug
 *(.debug)

.line
 *(.line)

.debug_srcinfo
 *(.debug_srcinfo)

.debug_sfnames
 *(.debug_sfnames)

.debug_aranges  0x00000000      0x568
 *(.debug_aranges)
 .debug_aranges
                0x00000000       0x30 battery_pack.o
 .debug_aranges
                0x00000030       0x98 FM25V10.o
 .debug_aranges
                0x000000c8       0x18 fuse.o
 .debug_aranges
                0x000000e0       0x30 Garmin_LIDAR_Lite_v3HP.o
 .debug_aranges
                0x00000110       0x50 i2c.o
 .debug_aranges
                0x00000160       0x58 lcd_display.o
 .debug_aranges
                0x000001b8      0x260 main.o
 .debug_aranges
                0x00000418       0x28 PCA9685_PWM_Controller.o
 .debug_aranges
                0x00000440       0x30 PCF8575_i2c_Expander.o
 .debug_aranges
                0x00000470       0x20 sharp_IRED_PSD_sensor.o
 .debug_aranges
                0x00000490       0x38 stepper_motor.o
 .debug_aranges
                0x000004c8       0x80 USART.o
 .debug_aranges
                0x00000548       0x20 vibration_sensor.o

.debug_pubnames
 *(.debug_pubnames)

.debug_info     0x00000000     0xb66c
 *(.debug_info .gnu.linkonce.wi.*)
 .debug_info    0x00000000      0x792 d:/users/arhitect/documents/avr8-gnu-toolchain-3.6.2.1759-win32.any.x86/avr8-gnu-toolchain-win32_x86/bin/../lib/gcc/avr/5.4.0/../../../../avr/lib/avr51/crtatmega1284p.o
 .debug_info    0x00000792      0x11f battery_pack.o
 .debug_info    0x000008b1      0x600 FM25V10.o
 .debug_info    0x00000eb1       0xa6 fuse.o
 .debug_info    0x00000f57      0x666 Garmin_LIDAR_Lite_v3HP.o
 .debug_info    0x000015bd      0x15f i2c.o
 .debug_info    0x0000171c      0x875 lcd_display.o
 .debug_info    0x00001f91     0x8535 main.o
 .debug_info    0x0000a4c6      0x402 PCA9685_PWM_Controller.o
 .debug_info    0x0000a8c8      0x2bd PCF8575_i2c_Expander.o
 .debug_info    0x0000ab85       0xe2 sharp_IRED_PSD_sensor.o
 .debug_info    0x0000ac67      0x20a stepper_motor.o
 .debug_info    0x0000ae71      0x5c1 USART.o
 .debug_info    0x0000b432      0x23a vibration_sensor.o

.debug_abbrev   0x00000000     0x17f2
 *(.debug_abbrev)
 .debug_abbrev  0x00000000      0x729 d:/users/arhitect/documents/avr8-gnu-toolchain-3.6.2.1759-win32.any.x86/avr8-gnu-toolchain-win32_x86/bin/../lib/gcc/avr/5.4.0/../../../../avr/lib/avr51/crtatmega1284p.o
 .debug_abbrev  0x00000729       0xde battery_pack.o
 .debug_abbrev  0x00000807      0x141 FM25V10.o
 .debug_abbrev  0x00000948       0x6f fuse.o
 .debug_abbrev  0x000009b7       0xcd Garmin_LIDAR_Lite_v3HP.o
 .debug_abbrev  0x00000a84       0xc7 i2c.o
 .debug_abbrev  0x00000b4b      0x27f lcd_display.o
 .debug_abbrev  0x00000dca      0x412 main.o
 .debug_abbrev  0x000011dc      0x144 PCA9685_PWM_Controller.o
 .debug_abbrev  0x00001320      0x105 PCF8575_i2c_Expander.o
 .debug_abbrev  0x00001425       0x9e sharp_IRED_PSD_sensor.o
 .debug_abbrev  0x000014c3      0x117 stepper_motor.o
 .debug_abbrev  0x000015da      0x170 USART.o
 .debug_abbrev  0x0000174a       0xa8 vibration_sensor.o

.debug_line     0x00000000     0x48bc
 *(.debug_line .debug_line.* .debug_line_end)
 .debug_line    0x00000000       0x1a d:/users/arhitect/documents/avr8-gnu-toolchain-3.6.2.1759-win32.any.x86/avr8-gnu-toolchain-win32_x86/bin/../lib/gcc/avr/5.4.0/../../../../avr/lib/avr51/crtatmega1284p.o
 .debug_line    0x0000001a      0x13d battery_pack.o
 .debug_line    0x00000157      0x421 FM25V10.o
 .debug_line    0x00000578       0xa3 fuse.o
 .debug_line    0x0000061b      0x2ef Garmin_LIDAR_Lite_v3HP.o
 .debug_line    0x0000090a      0x184 i2c.o
 .debug_line    0x00000a8e      0x5c0 lcd_display.o
 .debug_line    0x0000104e     0x2ca3 main.o
 .debug_line    0x00003cf1      0x25c PCA9685_PWM_Controller.o
 .debug_line    0x00003f4d      0x183 PCF8575_i2c_Expander.o
 .debug_line    0x000040d0       0xd8 sharp_IRED_PSD_sensor.o
 .debug_line    0x000041a8      0x1e3 stepper_motor.o
 .debug_line    0x0000438b      0x3c3 USART.o
 .debug_line    0x0000474e      0x16e vibration_sensor.o

.debug_frame    0x00000000     0x1064
 *(.debug_frame)
 .debug_frame   0x00000000       0x54 battery_pack.o
 .debug_frame   0x00000054      0x1b8 FM25V10.o
 .debug_frame   0x0000020c       0x5c Garmin_LIDAR_Lite_v3HP.o
 .debug_frame   0x00000268       0x84 i2c.o
 .debug_frame   0x000002ec      0x128 lcd_display.o
 .debug_frame   0x00000414      0x8c0 main.o
 .debug_frame   0x00000cd4       0x70 PCA9685_PWM_Controller.o
 .debug_frame   0x00000d44       0x60 PCF8575_i2c_Expander.o
 .debug_frame   0x00000da4       0x24 sharp_IRED_PSD_sensor.o
 .debug_frame   0x00000dc8       0x78 stepper_motor.o
 .debug_frame   0x00000e40      0x200 USART.o
 .debug_frame   0x00001040       0x24 vibration_sensor.o

.debug_str      0x00000000     0x17d8
 *(.debug_str)
 .debug_str     0x00000000      0x296 d:/users/arhitect/documents/avr8-gnu-toolchain-3.6.2.1759-win32.any.x86/avr8-gnu-toolchain-win32_x86/bin/../lib/gcc/avr/5.4.0/../../../../avr/lib/avr51/crtatmega1284p.o
 .debug_str     0x00000296      0x1b6 battery_pack.o
                                0x1ea (size before relaxing)
 .debug_str     0x0000044c      0x126 FM25V10.o
                                0x2b4 (size before relaxing)
 .debug_str     0x00000572       0x25 fuse.o
                                0x18d (size before relaxing)
 .debug_str     0x00000597       0xe3 Garmin_LIDAR_Lite_v3HP.o
                                0x265 (size before relaxing)
 .debug_str     0x0000067a       0x21 i2c.o
                                0x1d0 (size before relaxing)
 .debug_str     0x0000069b      0x177 lcd_display.o
                                0x324 (size before relaxing)
 .debug_str     0x00000812      0xd07 main.o
                               0x1081 (size before relaxing)
 .debug_str     0x00001519       0x9a PCA9685_PWM_Controller.o
                                0x2b5 (size before relaxing)
 .debug_str     0x000015b3       0x8f PCF8575_i2c_Expander.o
                                0x256 (size before relaxing)
 .debug_str     0x00001642       0x31 sharp_IRED_PSD_sensor.o
                                0x1b8 (size before relaxing)
 .debug_str     0x00001673       0x55 stepper_motor.o
                                0x233 (size before relaxing)
 .debug_str     0x000016c8       0xb2 USART.o
                                0x2db (size before relaxing)
 .debug_str     0x0000177a       0x5e vibration_sensor.o
                                0x226 (size before relaxing)

.debug_loc      0x00000000     0x653b
 *(.debug_loc)
 .debug_loc     0x00000000       0xc2 battery_pack.o
 .debug_loc     0x000000c2      0x463 FM25V10.o
 .debug_loc     0x00000525      0x259 Garmin_LIDAR_Lite_v3HP.o
 .debug_loc     0x0000077e       0x2d i2c.o
 .debug_loc     0x000007ab      0xb73 lcd_display.o
 .debug_loc     0x0000131e     0x41df main.o
 .debug_loc     0x000054fd      0x2e8 PCA9685_PWM_Controller.o
 .debug_loc     0x000057e5      0x126 PCF8575_i2c_Expander.o
 .debug_loc     0x0000590b       0x36 sharp_IRED_PSD_sensor.o
 .debug_loc     0x00005941      0x162 stepper_motor.o
 .debug_loc     0x00005aa3      0xa98 USART.o

.debug_macinfo
 *(.debug_macinfo)

.debug_weaknames
 *(.debug_weaknames)

.debug_funcnames
 *(.debug_funcnames)

.debug_typenames
 *(.debug_typenames)

.debug_varnames
 *(.debug_varnames)

.debug_pubtypes
 *(.debug_pubtypes)

.debug_ranges   0x00000000      0x7b0
 *(.debug_ranges)
 .debug_ranges  0x00000000       0x20 battery_pack.o
 .debug_ranges  0x00000020       0x88 FM25V10.o
 .debug_ranges  0x000000a8       0x20 Garmin_LIDAR_Lite_v3HP.o
 .debug_ranges  0x000000c8       0x40 i2c.o
 .debug_ranges  0x00000108       0xf8 lcd_display.o
 .debug_ranges  0x00000200      0x4c0 main.o
 .debug_ranges  0x000006c0       0x18 PCA9685_PWM_Controller.o
 .debug_ranges  0x000006d8       0x20 PCF8575_i2c_Expander.o
 .debug_ranges  0x000006f8       0x10 sharp_IRED_PSD_sensor.o
 .debug_ranges  0x00000708       0x28 stepper_motor.o
 .debug_ranges  0x00000730       0x70 USART.o
 .debug_ranges  0x000007a0       0x10 vibration_sensor.o

.debug_macro
 *(.debug_macro)
OUTPUT(Physalis_Kenji_X1_version_5.9.elf elf32-avr)
LOAD linker stubs
